// Jest Snapshot v1, https://goo.gl/fbAQLP

exports[`renders learn react link 1`] = `
.c0 {
  background-color: red;
}

<div
  class="c0"
>
  <h1>
    Hello
  </h1>
</div>
`;
